[INFO] Scanning for projects...
[INFO] 
[INFO] --------------------------< com.example:demo >--------------------------
[INFO] Building demo 0.0.1-SNAPSHOT
[INFO]   from pom.xml
[INFO] --------------------------------[ jar ]---------------------------------
[INFO] 
[INFO] >>> spring-boot:3.2.5:run (default-cli) > test-compile @ demo >>>
[INFO] 
[INFO] --- resources:3.3.1:resources (default-resources) @ demo ---
[INFO] Copying 1 resource from src\main\resources to target\classes
[INFO] Copying 0 resource from src\main\resources to target\classes
[INFO] 
[INFO] --- compiler:3.11.0:compile (default-compile) @ demo ---
[INFO] Changes detected - recompiling the module! :source
[INFO] Compiling 36 source files with javac [debug release 17] to target\classes
[INFO] 
[INFO] --- resources:3.3.1:testResources (default-testResources) @ demo ---
[INFO] skip non existing resourceDirectory c:\Users\niran\Downloads\Amypo Project\backend\src\test\resources
[INFO] 
[INFO] --- compiler:3.11.0:testCompile (default-testCompile) @ demo ---
[INFO] Changes detected - recompiling the module! :dependency
[INFO] Compiling 1 source file with javac [debug release 17] to target\test-classes
[INFO] 
[INFO] <<< spring-boot:3.2.5:run (default-cli) < test-compile @ demo <<<
[INFO] 
[INFO] 
[INFO] --- spring-boot:3.2.5:run (default-cli) @ demo ---
[INFO] Attaching agents: []

  .   ____          _            __ _ _
 /\\ / ___'_ __ _ _(_)_ __  __ _ \ \ \ \
( ( )\___ | '_ | '_| | '_ \/ _` | \ \ \ \
 \\/  ___)| |_)| | | | | || (_| |  ) ) ) )
  '  |____| .__|_| |_|_| |_\__, | / / / /
 =========|_|==============|___/=/_/_/_/
 :: Spring Boot ::                (v3.2.5)

2026-08-28T18:48:31.862+05:30  INFO 15352 --- [demo] [           main] com.example.demo.SyncUpApplication       : Starting SyncUpApplication using Java 17.0.12 with PID 15352 (C:\Users\niran\Downloads\Amypo Project\backend\target\classes started by niran in c:\Users\niran\Downloads\Amypo Project\backend)
2026-08-28T18:48:31.862+05:30  INFO 15352 --- [demo] [           main] com.example.demo.SyncUpApplication       : No active profile set, falling back to 1 default profile: "default"
2026-08-28T18:48:32.799+05:30  INFO 15352 --- [demo] [           main] .s.d.r.c.RepositoryConfigurationDelegate : Bootstrapping Spring Data JPA repositories in DEFAULT mode.
2026-08-28T18:48:32.874+05:30  INFO 15352 --- [demo] [           main] .s.d.r.c.RepositoryConfigurationDelegate : Finished Spring Data repository scanning in 59 ms. Found 5 JPA repository interfaces.
2026-08-28T18:48:33.496+05:30  INFO 15352 --- [demo] [           main] o.s.b.w.embedded.tomcat.TomcatWebServer  : Tomcat initialized with port 8080 (http)
2026-08-28T18:48:33.519+05:30  INFO 15352 --- [demo] [           main] o.apache.catalina.core.StandardService   : Starting service [Tomcat]
2026-08-28T18:48:33.520+05:30  INFO 15352 --- [demo] [           main] o.apache.catalina.core.StandardEngine    : Starting Servlet engine: [Apache Tomcat/10.1.20]
2026-08-28T18:48:33.603+05:30  INFO 15352 --- [demo] [           main] o.a.c.c.C.[Tomcat].[localhost].[/]       : Initializing Spring embedded WebApplicationContext
2026-08-28T18:48:33.604+05:30  INFO 15352 --- [demo] [           main] w.s.c.ServletWebServerApplicationContext : Root WebApplicationContext: initialization completed in 1691 ms
2026-08-28T18:48:33.769+05:30  INFO 15352 --- [demo] [           main] o.hibernate.jpa.internal.util.LogHelper  : HHH000204: Processing PersistenceUnitInfo [name: default]
2026-08-28T18:48:33.844+05:30  INFO 15352 --- [demo] [           main] org.hibernate.Version                    : HHH000412: Hibernate ORM core version 6.4.4.Final
2026-08-28T18:48:33.885+05:30  INFO 15352 --- [demo] [           main] o.h.c.internal.RegionFactoryInitiator    : HHH000026: Second-level cache disabled
2026-08-28T18:48:34.267+05:30  INFO 15352 --- [demo] [           main] o.s.o.j.p.SpringPersistenceUnitInfo      : No LoadTimeWeaver setup: ignoring JPA class transformer
2026-08-28T18:48:34.310+05:30  INFO 15352 --- [demo] [           main] com.zaxxer.hikari.HikariDataSource       : HikariPool-1 - Starting...
2026-08-28T18:48:34.682+05:30  INFO 15352 --- [demo] [           main] com.zaxxer.hikari.pool.HikariPool        : HikariPool-1 - Added connection com.mysql.cj.jdbc.ConnectionImpl@485c84d7
2026-08-28T18:48:34.683+05:30  INFO 15352 --- [demo] [           main] com.zaxxer.hikari.HikariDataSource       : HikariPool-1 - Start completed.
2026-08-28T18:48:34.777+05:30  WARN 15352 --- [demo] [           main] org.hibernate.orm.deprecation            : HHH90000025: MySQLDialect does not need to be specified explicitly using 'hibernate.dialect' (remove the property setting and it will be selected by default)
2026-08-28T18:48:35.802+05:30  INFO 15352 --- [demo] [           main] o.h.e.t.j.p.i.JtaPlatformInitiator       : HHH000489: No JTA platform available (set 'hibernate.transaction.jta.platform' to enable JTA platform integration)
2026-08-28T18:48:35.895+05:30  INFO 15352 --- [demo] [           main] j.LocalContainerEntityManagerFactoryBean : Initialized JPA EntityManagerFactory for persistence unit 'default'
2026-08-28T18:48:36.247+05:30  INFO 15352 --- [demo] [           main] o.s.d.j.r.query.QueryEnhancerFactory     : Hibernate is in classpath; If applicable, HQL parser will be used.
2026-08-28T18:48:36.780+05:30  WARN 15352 --- [demo] [           main] JpaBaseConfiguration$JpaWebConfiguration : spring.jpa.open-in-view is enabled by default. Therefore, database queries may be performed during view rendering. Explicitly configure spring.jpa.open-in-view to disable this warning
2026-08-28T18:48:37.099+05:30  INFO 15352 --- [demo] [           main] o.s.s.web.DefaultSecurityFilterChain     : Will secure any request with [org.springframework.security.web.session.DisableEncodeUrlFilter@652cb87d, org.springframework.security.web.context.request.async.WebAsyncManagerIntegrationFilter@463c5d0f, org.springframework.security.web.context.SecurityContextHolderFilter@71b01319, org.springframework.security.web.header.HeaderWriterFilter@2abe5132, org.springframework.web.filter.CorsFilter@5304cee, org.springframework.security.web.authentication.logout.LogoutFilter@1b78c34b, com.example.demo.config.JwtAuthenticationFilter@68b59e2f, org.springframework.security.web.savedrequest.RequestCacheAwareFilter@28fdce67, org.springframework.security.web.servletapi.SecurityContextHolderAwareRequestFilter@24c9a52a, org.springframework.security.web.authentication.AnonymousAuthenticationFilter@685a3c14, org.springframework.security.web.session.SessionManagementFilter@38ebf8dc, org.springframework.security.web.access.ExceptionTranslationFilter@2fb006dc, org.springframework.security.web.access.intercept.AuthorizationFilter@3ea3b20d]
2026-08-28T18:48:37.410+05:30  INFO 15352 --- [demo] [           main] o.s.b.w.embedded.tomcat.TomcatWebServer  : Tomcat started on port 8080 (http) with context path ''
2026-08-28T18:48:37.419+05:30  INFO 15352 --- [demo] [           main] com.example.demo.SyncUpApplication       : Started SyncUpApplication in 5.934 seconds (process running for 6.323)
2026-08-28T18:49:28.649+05:30  INFO 15352 --- [demo] [nio-8080-exec-1] o.a.c.c.C.[Tomcat].[localhost].[/]       : Initializing Spring DispatcherServlet 'dispatcherServlet'
2026-08-28T18:49:28.649+05:30  INFO 15352 --- [demo] [nio-8080-exec-1] o.s.web.servlet.DispatcherServlet        : Initializing Servlet 'dispatcherServlet'
2026-08-28T18:49:28.649+05:30  INFO 15352 --- [demo] [nio-8080-exec-1] o.s.web.servlet.DispatcherServlet        : Completed initialization in 0 ms
2026-08-28T18:49:35.689+05:30  INFO 15352 --- [demo] [nio-8080-exec-2] o.springdoc.api.AbstractOpenApiResource  : Init duration for springdoc-openapi is: 630 ms
